Day #0: 6 events in total
The order was made by escaper5@, from the faculty of Chemistry, who is skilled at 6
	It was made for room 5, of company6@ from Chemistry, for the time 11:00
	The room is best for a skill level of 6. 1 people came for the total price of 75
The order was made by escaper5@, from the faculty of Chemistry, who is skilled at 6
	It was made for room 5, of company6@ from Chemistry, for the time 12:00
	The room is best for a skill level of 6. 2 people came for the total price of 150
The order was made by escaper5@, from the faculty of Chemistry, who is skilled at 6
	It was made for room 2, of company1@ from Aerospace Engineering, for the time 15:00
	The room is best for a skill level of 7. 2 people came for the total price of 40
The order was made by escaper3@, from the faculty of Aerospace Engineering, who is skilled at 10
	It was made for room 1, of company1@ from Aerospace Engineering, for the time 17:00
	The room is best for a skill level of 5. 3 people came for the total price of 90
The order was made by escaper5@, from the faculty of Chemistry, who is skilled at 6
	It was made for room 5, of company3@ from Aerospace Engineering, for the time 17:00
	The room is best for a skill level of 6. 1 people came for the total price of 16
The order was made by escaper1@, from the faculty of Aerospace Engineering, who is skilled at 5
	It was made for room 9, of company6@ from Chemistry, for the time 17:00
	The room is best for a skill level of 6. 4 people came for the total price of 400
That is all for day #0!

The system has 18 faculties and in 1 days, they have made a revenue of 771
One of the best faculties - Chemistry, has made a revenue of 625 so far!
One of the best faculties - Aerospace Engineering, has made a revenue of 146 so far!
One of the best faculties - Civil and Environmental Engineering, has made a revenue of 0 so far!

Day #1: 2 events in total
The order was made by escaper5@, from the faculty of Chemistry, who is skilled at 6
	It was made for room 10, of company5@ from Chemistry, for the time 11:00
	The room is best for a skill level of 6. 11 people came for the total price of 66
The order was made by escaper11@, from the faculty of Biology, who is skilled at 5
	It was made for room 1, of company1@ from Aerospace Engineering, for the time 17:00
	The room is best for a skill level of 5. 2 people came for the total price of 80
That is all for day #1!

The system has 18 faculties and in 2 days, they have made a revenue of 917
One of the best faculties - Chemistry, has made a revenue of 691 so far!
One of the best faculties - Aerospace Engineering, has made a revenue of 226 so far!
One of the best faculties - Civil and Environmental Engineering, has made a revenue of 0 so far!

Day #2: 2 events in total
The order was made by escaper8@, from the faculty of Materials Engineering, who is skilled at 8
	It was made for room 5, of company3@ from Aerospace Engineering, for the time 12:00
	The room is best for a skill level of 6. 3 people came for the total price of 48
The order was made by escaper4@, from the faculty of Chemistry, who is skilled at 9
	It was made for room 5, of company6@ from Chemistry, for the time 12:00
	The room is best for a skill level of 6. 2 people came for the total price of 150
That is all for day #2!

Day #3: 6 events in total
The order was made by escaper6@, from the faculty of Biology, who is skilled at 4
	It was made for room 5, of company6@ from Chemistry, for the time 14:00
	The room is best for a skill level of 6. 5 people came for the total price of 500
The order was made by escaper12@, from the faculty of Chemistry, who is skilled at 3
	It was made for room 6, of company4@ from Chemistry, for the time 14:00
	The room is best for a skill level of 3. 3 people came for the total price of 54
The order was made by escaper13@, from the faculty of Aerospace Engineering, who is skilled at 2
	It was made for room 1, of company1@ from Aerospace Engineering, for the time 17:00
	The room is best for a skill level of 5. 7 people came for the total price of 210
The order was made by escaper2@, from the faculty of Aerospace Engineering, who is skilled at 3
	It was made for room 2, of company1@ from Aerospace Engineering, for the time 17:00
	The room is best for a skill level of 7. 2 people came for the total price of 30
The order was made by escaper9@, from the faculty of Biomedical Engineering, who is skilled at 2
	It was made for room 1, of company1@ from Aerospace Engineering, for the time 18:00
	The room is best for a skill level of 5. 2 people came for the total price of 80
The order was made by escaper2@, from the faculty of Aerospace Engineering, who is skilled at 3
	It was made for room 2, of company1@ from Aerospace Engineering, for the time 18:00
	The room is best for a skill level of 7. 2 people came for the total price of 30
That is all for day #3!

The system has 18 faculties and in 4 days, they have made a revenue of 2019
One of the best faculties - Chemistry, has made a revenue of 1395 so far!
One of the best faculties - Aerospace Engineering, has made a revenue of 624 so far!
One of the best faculties - Civil and Environmental Engineering, has made a revenue of 0 so far!

