Day #0: 11 events in total
The order was made by ecivil5@, from the faculty of Civil and Environmental Engineering, who is skilled at 6
	It was made for room 1, of civil1@ from Civil and Environmental Engineering, for the time 6:00
	The room is best for a skill level of 7. 2 people came for the total price of 150
The order was made by eelectr4@, from the faculty of Electrical Engineering, who is skilled at 4
	It was made for room 4, of civil1@ from Civil and Environmental Engineering, for the time 6:00
	The room is best for a skill level of 4. 3 people came for the total price of 300
The order was made by eelectr3@, from the faculty of Electrical Engineering, who is skilled at 3
	It was made for room 5, of civil1@ from Civil and Environmental Engineering, for the time 6:00
	The room is best for a skill level of 3. 3 people came for the total price of 300
The order was made by eelectr2@, from the faculty of Electrical Engineering, who is skilled at 1
	It was made for room 24, of civil2@ from Civil and Environmental Engineering, for the time 6:00
	The room is best for a skill level of 1. 3 people came for the total price of 300
The order was made by ebiology1@, from the faculty of Biology, who is skilled at 3
	It was made for room 1, of aerosp1@ from Aerospace Engineering, for the time 6:00
	The room is best for a skill level of 3. 3 people came for the total price of 300
The order was made by earchet1@, from the faculty of Architecture and Town Planning, who is skilled at 4
	It was made for room 2, of aerosp1@ from Aerospace Engineering, for the time 6:00
	The room is best for a skill level of 4. 3 people came for the total price of 300
The order was made by ebiotech3@, from the faculty of Biotechnology and Food Engineering, who is skilled at 1
	It was made for room 4, of aerosp1@ from Aerospace Engineering, for the time 6:00
	The room is best for a skill level of 1. 3 people came for the total price of 300
The order was made by eeducation1@, from the faculty of Education in Technology and Science, who is skilled at 3
	It was made for room 1, of biomed1@ from Biomedical Engineering, for the time 6:00
	The room is best for a skill level of 3. 3 people came for the total price of 300
The order was made by ebiomed3@, from the faculty of Biomedical Engineering, who is skilled at 10
	It was made for room 2, of biomed1@ from Biomedical Engineering, for the time 6:00
	The room is best for a skill level of 7. 1 people came for the total price of 75
The order was made by ebiomed1@, from the faculty of Biomedical Engineering, who is skilled at 4
	It was made for room 22, of biomed2@ from Biomedical Engineering, for the time 6:00
	The room is best for a skill level of 4. 3 people came for the total price of 225
The order was made by eelectr1@, from the faculty of Electrical Engineering, who is skilled at 7
	It was made for room 1, of civil1@ from Civil and Environmental Engineering, for the time 7:00
	The room is best for a skill level of 7. 2 people came for the total price of 200
That is all for day #0!

