Day #0: 5 events in total
The order was made by 3@, from the faculty of Civil and Environmental Engineering, who is skilled at 1
	It was made for room 4, of company2@gmail from Electrical Engineering, for the time 2:00
	The room is best for a skill level of 5. 4 people came for the total price of 80
The order was made by 3@, from the faculty of Civil and Environmental Engineering, who is skilled at 1
	It was made for room 4, of company2@gmail from Electrical Engineering, for the time 3:00
	The room is best for a skill level of 5. 4 people came for the total price of 80
The order was made by 2@, from the faculty of Mechanical Engineering, who is skilled at 4
	It was made for room 2, of company1@gmail from Civil and Environmental Engineering, for the time 5:00
	The room is best for a skill level of 4. 4 people came for the total price of 320
The order was made by 5@, from the faculty of Physics, who is skilled at 1
	It was made for room 8, of company5@gmail from Humanities and Arts, for the time 8:00
	The room is best for a skill level of 2. 5 people came for the total price of 300
The order was made by 1@, from the faculty of Civil and Environmental Engineering, who is skilled at 1
	It was made for room 2, of company1@gmail from Civil and Environmental Engineering, for the time 10:00
	The room is best for a skill level of 4. 4 people came for the total price of 240
That is all for day #0!

Day #1: 3 events in total
The order was made by 1@, from the faculty of Civil and Environmental Engineering, who is skilled at 1
	It was made for room 2, of company1@gmail from Civil and Environmental Engineering, for the time 10:00
	The room is best for a skill level of 4. 5 people came for the total price of 300
The order was made by 2@, from the faculty of Mechanical Engineering, who is skilled at 4
	It was made for room 2, of company4@gmail from Physics, for the time 10:00
	The room is best for a skill level of 8. 5 people came for the total price of 120
The order was made by 6@, from the faculty of Humanities and Arts, who is skilled at 7
	It was made for room 11, of company6@gmail from Industrial Engineering and Management, for the time 23:00
	The room is best for a skill level of 9. 5 people came for the total price of 600
That is all for day #1!

The system has 18 faculties and in 2 days, they have made a revenue of 2040
One of the best faculties - Civil and Environmental Engineering, has made a revenue of 860 so far!
One of the best faculties - Industrial Engineering and Management, has made a revenue of 600 so far!
One of the best faculties - Humanities and Arts, has made a revenue of 300 so far!

Day #2: 0 events in total
That is all for day #2!

Day #3: 1 events in total
The order was made by 3@, from the faculty of Civil and Environmental Engineering, who is skilled at 1
	It was made for room 1, of company2@gmail from Electrical Engineering, for the time 8:00
	The room is best for a skill level of 1. 6 people came for the total price of 24
That is all for day #3!

